fatal error: UB: unwinding from a function where the caller did not specify an unwind_block
